<!-- gruntcmt:scope=extras -->
### 🟡 Extras plan — `extras` · 1 units · 0 destroy · 1 add · 1 change

| Group | Units | Add | Change | Destroy | |
|---|---|---|---|---|---|
| `(all)` | 1 | 1 | 1 | 0 | ✅ |

<details><summary><code>(all)</code> — 1 units</summary>

<details><summary><code>db</code></summary>

```diff
~ aws_db_instance.primary
    + tags = {env = "prod"}
    - old_param = legacy
    ~ engine_version = 14.7 -> 15.4
```
</details>

</details>

<details><summary>⚠️ 1 units failed to parse</summary>

- `broken/unit`: failed to parse plan JSON

</details>

<sub>gruntcmt · terraform 1.10.0</sub>
